TypeError: Cannot read properties of undefined (reading 'includes')
    at runGraphQL (C:\Users\shant\Music\sentinal\project-sentinal\demo-target\server.js:212:13)
    at graphqlHandler (C:\Users\shant\Music\sentinal\project-sentinal\demo-target\server.js:206:24)
    at Layer.handleRequest (C:\Users\shant\Music\sentinal\project-sentinal\node_modules\router\lib\layer.js:152:17)
    at next (C:\Users\shant\Music\sentinal\project-sentinal\node_modules\router\lib\route.js:157:13)
    at Route.dispatch (C:\Users\shant\Music\sentinal\project-sentinal\node_modules\router\lib\route.js:117:3)
    at handle (C:\Users\shant\Music\sentinal\project-sentinal\node_modules\router\index.js:435:11)
    at Layer.handleRequest (C:\Users\shant\Music\sentinal\project-sentinal\node_modules\router\lib\layer.js:152:17)
    at C:\Users\shant\Music\sentinal\project-sentinal\node_modules\router\index.js:295:15
    at processParams (C:\Users\shant\Music\sentinal\project-sentinal\node_modules\router\index.js:582:12)
    at next (C:\Users\shant\Music\sentinal\project-sentinal\node_modules\router\index.js:291:5)
TypeError: Cannot read properties of undefined (reading 'includes')
    at runGraphQL (C:\Users\shant\Music\sentinal\project-sentinal\demo-target\server.js:212:13)
    at graphqlHandler (C:\Users\shant\Music\sentinal\project-sentinal\demo-target\server.js:206:24)
    at Layer.handleRequest (C:\Users\shant\Music\sentinal\project-sentinal\node_modules\router\lib\layer.js:152:17)
    at next (C:\Users\shant\Music\sentinal\project-sentinal\node_modules\router\lib\route.js:157:13)
    at Route.dispatch (C:\Users\shant\Music\sentinal\project-sentinal\node_modules\router\lib\route.js:117:3)
    at handle (C:\Users\shant\Music\sentinal\project-sentinal\node_modules\router\index.js:435:11)
    at Layer.handleRequest (C:\Users\shant\Music\sentinal\project-sentinal\node_modules\router\lib\layer.js:152:17)
    at C:\Users\shant\Music\sentinal\project-sentinal\node_modules\router\index.js:295:15
    at processParams (C:\Users\shant\Music\sentinal\project-sentinal\node_modules\router\index.js:582:12)
    at next (C:\Users\shant\Music\sentinal\project-sentinal\node_modules\router\index.js:291:5)
TypeError: Cannot read properties of undefined (reading 'includes')
    at runGraphQL (C:\Users\shant\Music\sentinal\project-sentinal\demo-target\server.js:212:13)
    at graphqlHandler (C:\Users\shant\Music\sentinal\project-sentinal\demo-target\server.js:206:24)
    at Layer.handleRequest (C:\Users\shant\Music\sentinal\project-sentinal\node_modules\router\lib\layer.js:152:17)
    at next (C:\Users\shant\Music\sentinal\project-sentinal\node_modules\router\lib\route.js:157:13)
    at Route.dispatch (C:\Users\shant\Music\sentinal\project-sentinal\node_modules\router\lib\route.js:117:3)
    at handle (C:\Users\shant\Music\sentinal\project-sentinal\node_modules\router\index.js:435:11)
    at Layer.handleRequest (C:\Users\shant\Music\sentinal\project-sentinal\node_modules\router\lib\layer.js:152:17)
    at C:\Users\shant\Music\sentinal\project-sentinal\node_modules\router\index.js:295:15
    at processParams (C:\Users\shant\Music\sentinal\project-sentinal\node_modules\router\index.js:582:12)
    at next (C:\Users\shant\Music\sentinal\project-sentinal\node_modules\router\index.js:291:5)
TypeError: Cannot read properties of undefined (reading 'includes')
    at runGraphQL (C:\Users\shant\Music\sentinal\project-sentinal\demo-target\server.js:212:13)
    at graphqlHandler (C:\Users\shant\Music\sentinal\project-sentinal\demo-target\server.js:206:24)
    at Layer.handleRequest (C:\Users\shant\Music\sentinal\project-sentinal\node_modules\router\lib\layer.js:152:17)
    at next (C:\Users\shant\Music\sentinal\project-sentinal\node_modules\router\lib\route.js:157:13)
    at Route.dispatch (C:\Users\shant\Music\sentinal\project-sentinal\node_modules\router\lib\route.js:117:3)
    at handle (C:\Users\shant\Music\sentinal\project-sentinal\node_modules\router\index.js:435:11)
    at Layer.handleRequest (C:\Users\shant\Music\sentinal\project-sentinal\node_modules\router\lib\layer.js:152:17)
    at C:\Users\shant\Music\sentinal\project-sentinal\node_modules\router\index.js:295:15
    at processParams (C:\Users\shant\Music\sentinal\project-sentinal\node_modules\router\index.js:582:12)
    at next (C:\Users\shant\Music\sentinal\project-sentinal\node_modules\router\index.js:291:5)
TypeError: Cannot read properties of undefined (reading 'includes')
    at runGraphQL (C:\Users\shant\Music\sentinal\project-sentinal\demo-target\server.js:212:13)
    at graphqlHandler (C:\Users\shant\Music\sentinal\project-sentinal\demo-target\server.js:206:24)
    at Layer.handleRequest (C:\Users\shant\Music\sentinal\project-sentinal\node_modules\router\lib\layer.js:152:17)
    at next (C:\Users\shant\Music\sentinal\project-sentinal\node_modules\router\lib\route.js:157:13)
    at Route.dispatch (C:\Users\shant\Music\sentinal\project-sentinal\node_modules\router\lib\route.js:117:3)
    at handle (C:\Users\shant\Music\sentinal\project-sentinal\node_modules\router\index.js:435:11)
    at Layer.handleRequest (C:\Users\shant\Music\sentinal\project-sentinal\node_modules\router\lib\layer.js:152:17)
    at C:\Users\shant\Music\sentinal\project-sentinal\node_modules\router\index.js:295:15
    at processParams (C:\Users\shant\Music\sentinal\project-sentinal\node_modules\router\index.js:582:12)
    at next (C:\Users\shant\Music\sentinal\project-sentinal\node_modules\router\index.js:291:5)
TypeError: Cannot read properties of undefined (reading 'includes')
    at runGraphQL (C:\Users\shant\Music\sentinal\project-sentinal\demo-target\server.js:212:13)
    at graphqlHandler (C:\Users\shant\Music\sentinal\project-sentinal\demo-target\server.js:206:24)
    at Layer.handleRequest (C:\Users\shant\Music\sentinal\project-sentinal\node_modules\router\lib\layer.js:152:17)
    at next (C:\Users\shant\Music\sentinal\project-sentinal\node_modules\router\lib\route.js:157:13)
    at Route.dispatch (C:\Users\shant\Music\sentinal\project-sentinal\node_modules\router\lib\route.js:117:3)
    at handle (C:\Users\shant\Music\sentinal\project-sentinal\node_modules\router\index.js:435:11)
    at Layer.handleRequest (C:\Users\shant\Music\sentinal\project-sentinal\node_modules\router\lib\layer.js:152:17)
    at C:\Users\shant\Music\sentinal\project-sentinal\node_modules\router\index.js:295:15
    at processParams (C:\Users\shant\Music\sentinal\project-sentinal\node_modules\router\index.js:582:12)
    at next (C:\Users\shant\Music\sentinal\project-sentinal\node_modules\router\index.js:291:5)
TypeError: Cannot read properties of undefined (reading 'includes')
    at runGraphQL (C:\Users\shant\Music\sentinal\project-sentinal\demo-target\server.js:212:13)
    at graphqlHandler (C:\Users\shant\Music\sentinal\project-sentinal\demo-target\server.js:206:24)
    at Layer.handleRequest (C:\Users\shant\Music\sentinal\project-sentinal\node_modules\router\lib\layer.js:152:17)
    at next (C:\Users\shant\Music\sentinal\project-sentinal\node_modules\router\lib\route.js:157:13)
    at Route.dispatch (C:\Users\shant\Music\sentinal\project-sentinal\node_modules\router\lib\route.js:117:3)
    at handle (C:\Users\shant\Music\sentinal\project-sentinal\node_modules\router\index.js:435:11)
    at Layer.handleRequest (C:\Users\shant\Music\sentinal\project-sentinal\node_modules\router\lib\layer.js:152:17)
    at C:\Users\shant\Music\sentinal\project-sentinal\node_modules\router\index.js:295:15
    at processParams (C:\Users\shant\Music\sentinal\project-sentinal\node_modules\router\index.js:582:12)
    at next (C:\Users\shant\Music\sentinal\project-sentinal\node_modules\router\index.js:291:5)
TypeError: Cannot read properties of undefined (reading 'includes')
    at runGraphQL (C:\Users\shant\Music\sentinal\project-sentinal\demo-target\server.js:212:13)
    at graphqlHandler (C:\Users\shant\Music\sentinal\project-sentinal\demo-target\server.js:206:24)
    at Layer.handleRequest (C:\Users\shant\Music\sentinal\project-sentinal\node_modules\router\lib\layer.js:152:17)
    at next (C:\Users\shant\Music\sentinal\project-sentinal\node_modules\router\lib\route.js:157:13)
    at Route.dispatch (C:\Users\shant\Music\sentinal\project-sentinal\node_modules\router\lib\route.js:117:3)
    at handle (C:\Users\shant\Music\sentinal\project-sentinal\node_modules\router\index.js:435:11)
    at Layer.handleRequest (C:\Users\shant\Music\sentinal\project-sentinal\node_modules\router\lib\layer.js:152:17)
    at C:\Users\shant\Music\sentinal\project-sentinal\node_modules\router\index.js:295:15
    at processParams (C:\Users\shant\Music\sentinal\project-sentinal\node_modules\router\index.js:582:12)
    at next (C:\Users\shant\Music\sentinal\project-sentinal\node_modules\router\index.js:291:5)
TypeError: Cannot read properties of undefined (reading 'includes')
    at runGraphQL (C:\Users\shant\Music\sentinal\project-sentinal\demo-target\server.js:212:13)
    at graphqlHandler (C:\Users\shant\Music\sentinal\project-sentinal\demo-target\server.js:206:24)
    at Layer.handleRequest (C:\Users\shant\Music\sentinal\project-sentinal\node_modules\router\lib\layer.js:152:17)
    at next (C:\Users\shant\Music\sentinal\project-sentinal\node_modules\router\lib\route.js:157:13)
    at Route.dispatch (C:\Users\shant\Music\sentinal\project-sentinal\node_modules\router\lib\route.js:117:3)
    at handle (C:\Users\shant\Music\sentinal\project-sentinal\node_modules\router\index.js:435:11)
    at Layer.handleRequest (C:\Users\shant\Music\sentinal\project-sentinal\node_modules\router\lib\layer.js:152:17)
    at C:\Users\shant\Music\sentinal\project-sentinal\node_modules\router\index.js:295:15
    at processParams (C:\Users\shant\Music\sentinal\project-sentinal\node_modules\router\index.js:582:12)
    at next (C:\Users\shant\Music\sentinal\project-sentinal\node_modules\router\index.js:291:5)
TypeError: Cannot read properties of undefined (reading 'includes')
    at runGraphQL (C:\Users\shant\Music\sentinal\project-sentinal\demo-target\server.js:212:13)
    at graphqlHandler (C:\Users\shant\Music\sentinal\project-sentinal\demo-target\server.js:206:24)
    at Layer.handleRequest (C:\Users\shant\Music\sentinal\project-sentinal\node_modules\router\lib\layer.js:152:17)
    at next (C:\Users\shant\Music\sentinal\project-sentinal\node_modules\router\lib\route.js:157:13)
    at Route.dispatch (C:\Users\shant\Music\sentinal\project-sentinal\node_modules\router\lib\route.js:117:3)
    at handle (C:\Users\shant\Music\sentinal\project-sentinal\node_modules\router\index.js:435:11)
    at Layer.handleRequest (C:\Users\shant\Music\sentinal\project-sentinal\node_modules\router\lib\layer.js:152:17)
    at C:\Users\shant\Music\sentinal\project-sentinal\node_modules\router\index.js:295:15
    at processParams (C:\Users\shant\Music\sentinal\project-sentinal\node_modules\router\index.js:582:12)
    at next (C:\Users\shant\Music\sentinal\project-sentinal\node_modules\router\index.js:291:5)
TypeError: Cannot read properties of undefined (reading 'includes')
    at runGraphQL (C:\Users\shant\Music\sentinal\project-sentinal\demo-target\server.js:212:13)
    at graphqlHandler (C:\Users\shant\Music\sentinal\project-sentinal\demo-target\server.js:206:24)
    at Layer.handleRequest (C:\Users\shant\Music\sentinal\project-sentinal\node_modules\router\lib\layer.js:152:17)
    at next (C:\Users\shant\Music\sentinal\project-sentinal\node_modules\router\lib\route.js:157:13)
    at Route.dispatch (C:\Users\shant\Music\sentinal\project-sentinal\node_modules\router\lib\route.js:117:3)
    at handle (C:\Users\shant\Music\sentinal\project-sentinal\node_modules\router\index.js:435:11)
    at Layer.handleRequest (C:\Users\shant\Music\sentinal\project-sentinal\node_modules\router\lib\layer.js:152:17)
    at C:\Users\shant\Music\sentinal\project-sentinal\node_modules\router\index.js:295:15
    at processParams (C:\Users\shant\Music\sentinal\project-sentinal\node_modules\router\index.js:582:12)
    at next (C:\Users\shant\Music\sentinal\project-sentinal\node_modules\router\index.js:291:5)
